INFO  00:40:18.957 [restartedMain StartupInfoLogger.java:55] logStarting - Starting NumberBoxApplication using Java 1.8.0_221 on DESKTOP-M4GQOQH with PID 11744 (C:\Users\82108\git\NUMBERBOX-was\bin\main started by 82108 in C:\Users\82108\git\NUMBERBOX-was)
INFO  00:40:18.957 [restartedMain SpringApplication.java:639] logStartupProfileInfo - The following profiles are active: local
INFO  00:40:19.194 [restartedMain RepositoryConfigurationDelegate.java:132] registerRepositoriesIn - Bootstrapping Spring Data JPA repositories in DEFAULT mode.
INFO  00:40:19.298 [restartedMain RepositoryConfigurationDelegate.java:201] registerRepositoriesIn - Finished Spring Data repository scanning in 103 ms. Found 27 JPA repository interfaces.
INFO  00:40:19.367 [restartedMain PostProcessorRegistrationDelegate.java:376] postProcessAfterInitialization - Bean '(inner bean)#6a4dcb1e' of type [com.amazonaws.auth.BasicAWSCredentials] is not eligible for getting processed by all BeanPostProcessors (for example: not eligible for auto-proxying)
INFO  00:40:19.367 [restartedMain PostProcessorRegistrationDelegate.java:376] postProcessAfterInitialization - Bean '(inner bean)#4ee22661' of type [com.amazonaws.auth.AWSStaticCredentialsProvider] is not eligible for getting processed by all BeanPostProcessors (for example: not eligible for auto-proxying)
INFO  00:40:19.369 [restartedMain PostProcessorRegistrationDelegate.java:376] postProcessAfterInitialization - Bean '(inner bean)#a73590a' of type [com.amazonaws.auth.profile.ProfileCredentialsProvider] is not eligible for getting processed by all BeanPostProcessors (for example: not eligible for auto-proxying)
INFO  00:40:19.370 [restartedMain PostProcessorRegistrationDelegate.java:376] postProcessAfterInitialization - Bean 'credentialsProvider' of type [org.springframework.cloud.aws.core.credentials.CredentialsProviderFactoryBean] is not eligible for getting processed by all BeanPostProcessors (for example: not eligible for auto-proxying)
INFO  00:40:19.371 [restartedMain PostProcessorRegistrationDelegate.java:376] postProcessAfterInitialization - Bean 'credentialsProvider' of type [com.amazonaws.auth.AWSCredentialsProviderChain] is not eligible for getting processed by all BeanPostProcessors (for example: not eligible for auto-proxying)
INFO  00:40:19.476 [restartedMain TomcatWebServer.java:108] initialize - Tomcat initialized with port(s): 8080 (http)
INFO  00:40:19.477 [restartedMain DirectJDKLog.java:173] log - Initializing ProtocolHandler ["http-nio-8080"]
INFO  00:40:19.477 [restartedMain DirectJDKLog.java:173] log - Starting service [Tomcat]
INFO  00:40:19.477 [restartedMain DirectJDKLog.java:173] log - Starting Servlet engine: [Apache Tomcat/9.0.56]
INFO  00:40:19.496 [restartedMain DirectJDKLog.java:173] log - Initializing Spring embedded WebApplicationContext
INFO  00:40:19.497 [restartedMain ServletWebServerApplicationContext.java:290] prepareWebApplicationContext - Root WebApplicationContext: initialization completed in 537 ms
INFO  00:40:19.548 [restartedMain LogHelper.java:31] logPersistenceUnitInformation - HHH000204: Processing PersistenceUnitInfo [name: default]
INFO  00:40:19.556 [restartedMain HikariDataSource.java:110] getConnection - HikariPool-2 - Starting...
INFO  00:40:19.568 [restartedMain HikariDataSource.java:123] getConnection - HikariPool-2 - Start completed.
INFO  00:40:19.569 [restartedMain Dialect.java:175] <init> - HHH000400: Using dialect: org.hibernate.dialect.MySQL5InnoDBDialect
WARN  00:40:19.624 [restartedMain RootClass.java:287] checkCompositeIdentifier - HHH000038: Composite-id class does not override equals(): com.numberbox.mathinfo.domain.MathTypeDomain
WARN  00:40:19.624 [restartedMain RootClass.java:290] checkCompositeIdentifier - HHH000039: Composite-id class does not override hashCode(): com.numberbox.mathinfo.domain.MathTypeDomain
WARN  00:40:19.624 [restartedMain RootClass.java:287] checkCompositeIdentifier - HHH000038: Composite-id class does not override equals(): com.numberbox.mathinfo.domain.MathConRepoDomain
WARN  00:40:19.624 [restartedMain RootClass.java:290] checkCompositeIdentifier - HHH000039: Composite-id class does not override hashCode(): com.numberbox.mathinfo.domain.MathConRepoDomain
WARN  00:40:19.625 [restartedMain RootClass.java:287] checkCompositeIdentifier - HHH000038: Composite-id class does not override equals(): com.numberbox.members.domain.FollowUsersDomain
WARN  00:40:19.625 [restartedMain RootClass.java:290] checkCompositeIdentifier - HHH000039: Composite-id class does not override hashCode(): com.numberbox.members.domain.FollowUsersDomain
WARN  00:40:19.625 [restartedMain RootClass.java:287] checkCompositeIdentifier - HHH000038: Composite-id class does not override equals(): com.numberbox.mathinfo.domain.MathConLikeDomain
WARN  00:40:19.625 [restartedMain RootClass.java:290] checkCompositeIdentifier - HHH000039: Composite-id class does not override hashCode(): com.numberbox.mathinfo.domain.MathConLikeDomain
INFO  00:40:19.749 [restartedMain JtaPlatformInitiator.java:52] initiateService - HHH000490: Using JtaPlatform implementation: [org.hibernate.engine.transaction.jta.platform.internal.NoJtaPlatform]
INFO  00:40:19.749 [restartedMain AbstractEntityManagerFactoryBean.java:437] buildNativeEntityManagerFactory - Initialized JPA EntityManagerFactory for persistence unit 'default'
INFO  00:40:20.563 [restartedMain DefaultSecurityFilterChain.java:51] <init> - Will secure Ant [pattern='/webapp/**'] with []
INFO  00:40:20.572 [restartedMain DefaultSecurityFilterChain.java:51] <init> - Will secure any request with [org.springframework.security.web.context.request.async.WebAsyncManagerIntegrationFilter@30cf2d05, org.springframework.security.web.context.SecurityContextPersistenceFilter@4c35db0a, org.springframework.security.web.header.HeaderWriterFilter@39ea478, org.springframework.web.filter.CorsFilter@37831430, org.springframework.security.web.authentication.logout.LogoutFilter@5ed9f7da, com.numberbox.jwt.util.JwtAuthenticationFilter@404f7428, org.springframework.security.web.authentication.UsernamePasswordAuthenticationFilter@1a56776c, org.springframework.security.web.savedrequest.RequestCacheAwareFilter@5c91ff4b, org.springframework.security.web.servletapi.SecurityContextHolderAwareRequestFilter@2ada3dc5, org.springframework.security.web.authentication.AnonymousAuthenticationFilter@698b865a, org.springframework.security.web.session.SessionManagementFilter@797deceb, org.springframework.security.web.access.ExceptionTranslationFilter@477ae9de, org.springframework.security.web.access.intercept.FilterSecurityInterceptor@6aeda4c8]
INFO  00:40:20.647 [restartedMain OptionalLiveReloadServer.java:58] startServer - LiveReload server is running on port 35729
INFO  00:40:20.666 [restartedMain DirectJDKLog.java:173] log - Starting ProtocolHandler ["http-nio-8080"]
INFO  00:40:20.668 [restartedMain TomcatWebServer.java:220] start - Tomcat started on port(s): 8080 (http) with context path '/myWasApi'
INFO  00:40:20.673 [restartedMain StartupInfoLogger.java:61] logStarted - Started NumberBoxApplication in 1.756 seconds (JVM running for 248.347)
INFO  00:40:20.675 [restartedMain ConditionEvaluationDeltaLoggingListener.java:63] onApplicationEvent - Condition evaluation unchanged
INFO  00:42:29.026 [Thread-8 AbstractEntityManagerFactoryBean.java:651] destroy - Closing JPA EntityManagerFactory for persistence unit 'default'
INFO  00:42:29.028 [Thread-8 HikariDataSource.java:350] close - HikariPool-2 - Shutdown initiated...
INFO  00:42:29.036 [Thread-8 HikariDataSource.java:352] close - HikariPool-2 - Shutdown completed.
